I'm sorry, but errors were detected in your script. Please correct the
errors listed below, and try again.


File "game/inventory.rpy", line 27: expected ':' not found.
    else quantity > 0 and item_name == "fertilizer":
         ^

Ren'Py Version: Ren'Py 8.3.4.24120703
Sat Dec 28 22:19:27 2024
